Java HotSpot(TM) 64-Bit Server VM (25.201-b09) for linux-amd64 JRE (1.8.0_201-b09), built on Dec 15 2018 11:35:59 by "java_re" with gcc 7.3.0
Memory: 4k page, physical 7652352k(4443796k free), swap 0k(0k free)
CommandLine flags: -XX:+DisableExplicitGC -XX:InitialHeapSize=1073741824 -XX:InitiatingHeapOccupancyPercent=35 -XX:+ManagementServer -XX:MaxGCPauseMillis=20 -XX:MaxHeapSize=1073741824 -XX:+PrintGC -XX:+PrintGCDateStamps -XX:+PrintGCDetails -XX:+PrintGCTimeStamps -XX:+UseCompressedClassPointers -XX:+UseCompressedOops -XX:+UseG1GC 
2019-03-17T23:15:19.150+0000: 0.803: [GC pause (G1 Evacuation Pause) (young), 0.0152024 secs]
   [Parallel Time: 8.2 ms, GC Workers: 2]
      [GC Worker Start (ms): Min: 803.3, Avg: 803.4, Max: 803.4, Diff: 0.0]
      [Ext Root Scanning (ms): Min: 1.6, Avg: 2.0, Max: 2.4, Diff: 0.8, Sum: 4.0]
      [Update RS (ms): Min: 0.0, Avg: 0.0, Max: 0.0, Diff: 0.0, Sum: 0.0]
         [Processed Buffers: Min: 0, Avg: 0.0, Max: 0, Diff: 0, Sum: 0]
      [Scan RS (ms): Min: 0.0, Avg: 0.0, Max: 0.0, Diff: 0.0, Sum: 0.1]
      [Code Root Scanning (ms): Min: 0.3, Avg: 0.3, Max: 0.4, Diff: 0.1, Sum: 0.7]
      [Object Copy (ms): Min: 5.3, Avg: 5.7, Max: 6.0, Diff: 0.7, Sum: 11.4]
      [Termination (ms): Min: 0.0, Avg: 0.0, Max: 0.0, Diff: 0.0, Sum: 0.0]
         [Termination Attempts: Min: 1, Avg: 1.0, Max: 1, Diff: 0, Sum: 2]
      [GC Worker Other (ms): Min: 0.0, Avg: 0.0, Max: 0.0, Diff: 0.0, Sum: 0.0]
      [GC Worker Total (ms): Min: 8.1, Avg: 8.1, Max: 8.1, Diff: 0.0, Sum: 16.1]
      [GC Worker End (ms): Min: 811.4, Avg: 811.4, Max: 811.4, Diff: 0.0]
   [Code Root Fixup: 0.1 ms]
   [Code Root Purge: 0.0 ms]
   [Clear CT: 0.1 ms]
   [Other: 6.8 ms]
      [Choose CSet: 0.0 ms]
      [Ref Proc: 6.3 ms]
      [Ref Enq: 0.0 ms]
      [Redirty Cards: 0.1 ms]
      [Humongous Register: 0.0 ms]
      [Humongous Reclaim: 0.0 ms]
      [Free CSet: 0.1 ms]
   [Eden: 51.0M(51.0M)->0.0B(44.0M) Survivors: 0.0B->7168.0K Heap: 51.0M(1024.0M)->7982.5K(1024.0M)]
 [Times: user=0.01 sys=0.01, real=0.02 secs] 
2019-03-17T23:15:19.725+0000: 1.378: [GC pause (G1 Evacuation Pause) (young), 0.0183511 secs]
   [Parallel Time: 7.4 ms, GC Workers: 2]
      [GC Worker Start (ms): Min: 1378.3, Avg: 1378.3, Max: 1378.3, Diff: 0.0]
      [Ext Root Scanning (ms): Min: 1.6, Avg: 1.8, Max: 2.1, Diff: 0.5, Sum: 3.7]
      [Update RS (ms): Min: 0.0, Avg: 0.1, Max: 0.2, Diff: 0.2, Sum: 0.2]
         [Processed Buffers: Min: 1, Avg: 1.0, Max: 1, Diff: 0, Sum: 2]
      [Scan RS (ms): Min: 0.0, Avg: 0.0, Max: 0.0, Diff: 0.0, Sum: 0.1]
      [Code Root Scanning (ms): Min: 0.0, Avg: 0.5, Max: 1.0, Diff: 1.0, Sum: 1.0]
      [Object Copy (ms): Min: 4.6, Avg: 4.8, Max: 5.0, Diff: 0.4, Sum: 9.6]
      [Termination (ms): Min: 0.0, Avg: 0.0, Max: 0.0, Diff: 0.0, Sum: 0.0]
         [Termination Attempts: Min: 1, Avg: 1.0, Max: 1, Diff: 0, Sum: 2]
      [GC Worker Other (ms): Min: 0.0, Avg: 0.0, Max: 0.0, Diff: 0.0, Sum: 0.0]
      [GC Worker Total (ms): Min: 7.3, Avg: 7.3, Max: 7.3, Diff: 0.0, Sum: 14.6]
      [GC Worker End (ms): Min: 1385.6, Avg: 1385.6, Max: 1385.6, Diff: 0.0]
   [Code Root Fixup: 0.1 ms]
   [Code Root Purge: 0.0 ms]
   [Clear CT: 0.1 ms]
   [Other: 10.8 ms]
      [Choose CSet: 0.0 ms]
      [Ref Proc: 10.2 ms]
      [Ref Enq: 0.0 ms]
      [Redirty Cards: 0.0 ms]
      [Humongous Register: 0.1 ms]
      [Humongous Reclaim: 0.0 ms]
      [Free CSet: 0.2 ms]
   [Eden: 44.0M(44.0M)->0.0B(44.0M) Survivors: 7168.0K->7168.0K Heap: 179.8M(1024.0M)->137.2M(1024.0M)]
 [Times: user=0.03 sys=0.00, real=0.01 secs] 
2019-03-17T23:15:19.862+0000: 1.515: [GC pause (Metadata GC Threshold) (young) (initial-mark), 0.0107968 secs]
   [Parallel Time: 9.5 ms, GC Workers: 2]
      [GC Worker Start (ms): Min: 1515.6, Avg: 1515.7, Max: 1515.7, Diff: 0.1]
      [Ext Root Scanning (ms): Min: 2.9, Avg: 3.0, Max: 3.2, Diff: 0.3, Sum: 6.1]
      [Update RS (ms): Min: 0.1, Avg: 0.1, Max: 0.2, Diff: 0.1, Sum: 0.3]
         [Processed Buffers: Min: 1, Avg: 1.0, Max: 1, Diff: 0, Sum: 2]
      [Scan RS (ms): Min: 0.1, Avg: 0.1, Max: 0.1, Diff: 0.1, Sum: 0.2]
      [Code Root Scanning (ms): Min: 0.0, Avg: 0.7, Max: 1.3, Diff: 1.3, Sum: 1.3]
      [Object Copy (ms): Min: 4.8, Avg: 5.4, Max: 6.1, Diff: 1.3, Sum: 10.9]
      [Termination (ms): Min: 0.0, Avg: 0.0, Max: 0.0, Diff: 0.0, Sum: 0.0]
         [Termination Attempts: Min: 1, Avg: 1.0, Max: 1, Diff: 0, Sum: 2]
      [GC Worker Other (ms): Min: 0.0, Avg: 0.0, Max: 0.0, Diff: 0.0, Sum: 0.0]
      [GC Worker Total (ms): Min: 9.4, Avg: 9.4, Max: 9.4, Diff: 0.1, Sum: 18.8]
      [GC Worker End (ms): Min: 1525.1, Avg: 1525.1, Max: 1525.1, Diff: 0.0]
   [Code Root Fixup: 0.1 ms]
   [Code Root Purge: 0.0 ms]
   [Clear CT: 0.1 ms]
   [Other: 1.1 ms]
      [Choose CSet: 0.0 ms]
      [Ref Proc: 0.6 ms]
      [Ref Enq: 0.0 ms]
      [Redirty Cards: 0.1 ms]
      [Humongous Register: 0.0 ms]
      [Humongous Reclaim: 0.0 ms]
      [Free CSet: 0.1 ms]
   [Eden: 11.0M(44.0M)->0.0B(47.0M) Survivors: 7168.0K->4096.0K Heap: 147.7M(1024.0M)->136.9M(1024.0M)]
 [Times: user=0.01 sys=0.00, real=0.01 secs] 
2019-03-17T23:15:19.873+0000: 1.526: [GC concurrent-root-region-scan-start]
2019-03-17T23:15:19.881+0000: 1.534: [GC concurrent-root-region-scan-end, 0.0077151 secs]
2019-03-17T23:15:19.881+0000: 1.534: [GC concurrent-mark-start]
2019-03-17T23:15:19.887+0000: 1.540: [GC concurrent-mark-end, 0.0057945 secs]
2019-03-17T23:15:19.887+0000: 1.540: [GC remark 2019-03-17T23:15:19.887+0000: 1.540: [Finalize Marking, 0.0009439 secs] 2019-03-17T23:15:19.888+0000: 1.541: [GC ref-proc, 0.0001681 secs] 2019-03-17T23:15:19.888+0000: 1.541: [Unloading, 0.0061186 secs], 0.0087217 secs]
 [Times: user=0.01 sys=0.01, real=0.00 secs] 
2019-03-17T23:15:19.899+0000: 1.552: [GC cleanup 138M->136M(1024M), 0.0015971 secs]
 [Times: user=0.01 sys=0.00, real=0.00 secs] 
2019-03-17T23:15:19.900+0000: 1.554: [GC concurrent-cleanup-start]
2019-03-17T23:15:19.900+0000: 1.554: [GC concurrent-cleanup-end, 0.0000234 secs]
2019-03-17T23:16:13.771+0000: 55.424: [GC pause (G1 Evacuation Pause) (young), 0.0072495 secs]
   [Parallel Time: 6.3 ms, GC Workers: 2]
      [GC Worker Start (ms): Min: 55424.6, Avg: 55424.6, Max: 55424.6, Diff: 0.0]
      [Ext Root Scanning (ms): Min: 1.2, Avg: 1.3, Max: 1.4, Diff: 0.1, Sum: 2.6]
      [Update RS (ms): Min: 0.2, Avg: 0.3, Max: 0.3, Diff: 0.1, Sum: 0.5]
         [Processed Buffers: Min: 11, Avg: 11.0, Max: 11, Diff: 0, Sum: 22]
      [Scan RS (ms): Min: 0.3, Avg: 0.4, Max: 0.5, Diff: 0.2, Sum: 0.7]
      [Code Root Scanning (ms): Min: 0.2, Avg: 0.4, Max: 0.7, Diff: 0.5, Sum: 0.9]
      [Object Copy (ms): Min: 3.4, Avg: 3.7, Max: 4.0, Diff: 0.6, Sum: 7.4]
      [Termination (ms): Min: 0.0, Avg: 0.1, Max: 0.1, Diff: 0.1, Sum: 0.1]
         [Termination Attempts: Min: 1, Avg: 1.0, Max: 1, Diff: 0, Sum: 2]
      [GC Worker Other (ms): Min: 0.0, Avg: 0.0, Max: 0.0, Diff: 0.0, Sum: 0.0]
      [GC Worker Total (ms): Min: 6.1, Avg: 6.2, Max: 6.2, Diff: 0.1, Sum: 12.3]
      [GC Worker End (ms): Min: 55430.7, Avg: 55430.8, Max: 55430.8, Diff: 0.0]
   [Code Root Fixup: 0.0 ms]
   [Code Root Purge: 0.0 ms]
   [Clear CT: 0.1 ms]
   [Other: 0.9 ms]
      [Choose CSet: 0.0 ms]
      [Ref Proc: 0.4 ms]
      [Ref Enq: 0.0 ms]
      [Redirty Cards: 0.0 ms]
      [Humongous Register: 0.0 ms]
      [Humongous Reclaim: 0.0 ms]
      [Free CSet: 0.1 ms]
   [Eden: 47.0M(47.0M)->0.0B(46.0M) Survivors: 4096.0K->5120.0K Heap: 181.9M(1024.0M)->135.9M(1024.0M)]
 [Times: user=0.01 sys=0.00, real=0.01 secs] 
2019-03-17T23:16:49.801+0000: 91.454: [GC pause (G1 Evacuation Pause) (young), 0.0059749 secs]
   [Parallel Time: 5.2 ms, GC Workers: 2]
      [GC Worker Start (ms): Min: 91454.6, Avg: 91454.6, Max: 91454.6, Diff: 0.0]
      [Ext Root Scanning (ms): Min: 0.9, Avg: 1.1, Max: 1.2, Diff: 0.4, Sum: 2.1]
      [Update RS (ms): Min: 0.3, Avg: 0.4, Max: 0.4, Diff: 0.1, Sum: 0.7]
         [Processed Buffers: Min: 1, Avg: 4.0, Max: 7, Diff: 6, Sum: 8]
      [Scan RS (ms): Min: 0.0, Avg: 0.0, Max: 0.0, Diff: 0.0, Sum: 0.1]
      [Code Root Scanning (ms): Min: 0.0, Avg: 0.3, Max: 0.7, Diff: 0.7, Sum: 0.7]
      [Object Copy (ms): Min: 3.1, Avg: 3.3, Max: 3.6, Diff: 0.4, Sum: 6.7]
      [Termination (ms): Min: 0.0, Avg: 0.0, Max: 0.0, Diff: 0.0, Sum: 0.0]
         [Termination Attempts: Min: 1, Avg: 1.0, Max: 1, Diff: 0, Sum: 2]
      [GC Worker Other (ms): Min: 0.0, Avg: 0.0, Max: 0.0, Diff: 0.0, Sum: 0.0]
      [GC Worker Total (ms): Min: 5.2, Avg: 5.2, Max: 5.2, Diff: 0.0, Sum: 10.3]
      [GC Worker End (ms): Min: 91459.8, Avg: 91459.8, Max: 91459.8, Diff: 0.0]
   [Code Root Fixup: 0.0 ms]
   [Code Root Purge: 0.0 ms]
   [Clear CT: 0.1 ms]
   [Other: 0.6 ms]
      [Choose CSet: 0.0 ms]
      [Ref Proc: 0.2 ms]
      [Ref Enq: 0.0 ms]
      [Redirty Cards: 0.1 ms]
      [Humongous Register: 0.0 ms]
      [Humongous Reclaim: 0.0 ms]
      [Free CSet: 0.1 ms]
   [Eden: 46.0M(46.0M)->0.0B(47.0M) Survivors: 5120.0K->4096.0K Heap: 181.9M(1024.0M)->134.9M(1024.0M)]
 [Times: user=0.02 sys=0.00, real=0.01 secs] 
2019-03-17T23:17:28.751+0000: 130.404: [GC pause (G1 Evacuation Pause) (young), 0.0057428 secs]
   [Parallel Time: 5.0 ms, GC Workers: 2]
      [GC Worker Start (ms): Min: 130404.4, Avg: 130404.4, Max: 130404.4, Diff: 0.0]
      [Ext Root Scanning (ms): Min: 0.8, Avg: 1.0, Max: 1.2, Diff: 0.4, Sum: 2.0]
      [Update RS (ms): Min: 0.3, Avg: 0.3, Max: 0.4, Diff: 0.1, Sum: 0.7]
         [Processed Buffers: Min: 1, Avg: 2.5, Max: 4, Diff: 3, Sum: 5]
      [Scan RS (ms): Min: 0.0, Avg: 0.0, Max: 0.0, Diff: 0.0, Sum: 0.1]
      [Code Root Scanning (ms): Min: 0.0, Avg: 0.4, Max: 0.7, Diff: 0.7, Sum: 0.7]
      [Object Copy (ms): Min: 3.1, Avg: 3.3, Max: 3.5, Diff: 0.4, Sum: 6.5]
      [Termination (ms): Min: 0.0, Avg: 0.0, Max: 0.0, Diff: 0.0, Sum: 0.0]
         [Termination Attempts: Min: 1, Avg: 1.0, Max: 1, Diff: 0, Sum: 2]
      [GC Worker Other (ms): Min: 0.0, Avg: 0.0, Max: 0.0, Diff: 0.0, Sum: 0.0]
      [GC Worker Total (ms): Min: 5.0, Avg: 5.0, Max: 5.0, Diff: 0.0, Sum: 10.0]
      [GC Worker End (ms): Min: 130409.4, Avg: 130409.4, Max: 130409.4, Diff: 0.0]
   [Code Root Fixup: 0.0 ms]
   [Code Root Purge: 0.0 ms]
   [Clear CT: 0.1 ms]
   [Other: 0.6 ms]
      [Choose CSet: 0.0 ms]
      [Ref Proc: 0.1 ms]
      [Ref Enq: 0.0 ms]
      [Redirty Cards: 0.0 ms]
      [Humongous Register: 0.1 ms]
      [Humongous Reclaim: 0.0 ms]
      [Free CSet: 0.1 ms]
   [Eden: 47.0M(47.0M)->0.0B(47.0M) Survivors: 4096.0K->4096.0K Heap: 181.9M(1024.0M)->135.2M(1024.0M)]
 [Times: user=0.01 sys=0.00, real=0.01 secs] 
2019-03-17T23:18:07.759+0000: 169.412: [GC pause (G1 Evacuation Pause) (young), 0.0059614 secs]
   [Parallel Time: 5.2 ms, GC Workers: 2]
      [GC Worker Start (ms): Min: 169412.4, Avg: 169412.4, Max: 169412.4, Diff: 0.0]
      [Ext Root Scanning (ms): Min: 1.1, Avg: 1.2, Max: 1.3, Diff: 0.2, Sum: 2.4]
      [Update RS (ms): Min: 0.3, Avg: 0.4, Max: 0.4, Diff: 0.0, Sum: 0.7]
         [Processed Buffers: Min: 1, Avg: 3.5, Max: 6, Diff: 5, Sum: 7]
      [Scan RS (ms): Min: 0.0, Avg: 0.0, Max: 0.0, Diff: 0.0, Sum: 0.1]
      [Code Root Scanning (ms): Min: 0.0, Avg: 0.4, Max: 0.7, Diff: 0.7, Sum: 0.7]
      [Object Copy (ms): Min: 2.9, Avg: 3.2, Max: 3.4, Diff: 0.5, Sum: 6.4]
      [Termination (ms): Min: 0.0, Avg: 0.0, Max: 0.0, Diff: 0.0, Sum: 0.0]
         [Termination Attempts: Min: 1, Avg: 1.0, Max: 1, Diff: 0, Sum: 2]
      [GC Worker Other (ms): Min: 0.0, Avg: 0.0, Max: 0.0, Diff: 0.0, Sum: 0.0]
      [GC Worker Total (ms): Min: 5.1, Avg: 5.1, Max: 5.1, Diff: 0.0, Sum: 10.2]
      [GC Worker End (ms): Min: 169417.5, Avg: 169417.5, Max: 169417.5, Diff: 0.0]
   [Code Root Fixup: 0.1 ms]
   [Code Root Purge: 0.0 ms]
   [Clear CT: 0.1 ms]
   [Other: 0.7 ms]
      [Choose CSet: 0.0 ms]
      [Ref Proc: 0.1 ms]
      [Ref Enq: 0.0 ms]
      [Redirty Cards: 0.0 ms]
      [Humongous Register: 0.1 ms]
      [Humongous Reclaim: 0.0 ms]
      [Free CSet: 0.1 ms]
   [Eden: 47.0M(47.0M)->0.0B(47.0M) Survivors: 4096.0K->4096.0K Heap: 182.2M(1024.0M)->134.9M(1024.0M)]
 [Times: user=0.01 sys=0.00, real=0.01 secs] 
2019-03-17T23:18:45.789+0000: 207.442: [GC pause (G1 Evacuation Pause) (young), 0.0116736 secs]
   [Parallel Time: 10.3 ms, GC Workers: 2]
      [GC Worker Start (ms): Min: 207442.2, Avg: 207445.3, Max: 207448.3, Diff: 6.0]
      [Ext Root Scanning (ms): Min: 0.0, Avg: 1.0, Max: 1.9, Diff: 1.9, Sum: 1.9]
      [Update RS (ms): Min: 0.0, Avg: 0.3, Max: 0.6, Diff: 0.6, Sum: 0.6]
         [Processed Buffers: Min: 0, Avg: 4.5, Max: 9, Diff: 9, Sum: 9]
      [Scan RS (ms): Min: 0.0, Avg: 0.0, Max: 0.0, Diff: 0.0, Sum: 0.0]
      [Code Root Scanning (ms): Min: 0.0, Avg: 0.4, Max: 0.8, Diff: 0.8, Sum: 0.8]
      [Object Copy (ms): Min: 2.7, Avg: 4.8, Max: 6.8, Diff: 4.1, Sum: 9.5]
      [Termination (ms): Min: 0.0, Avg: 0.7, Max: 1.4, Diff: 1.4, Sum: 1.4]
         [Termination Attempts: Min: 1, Avg: 1.0, Max: 1, Diff: 0, Sum: 2]
      [GC Worker Other (ms): Min: 0.0, Avg: 0.0, Max: 0.0, Diff: 0.0, Sum: 0.0]
      [GC Worker Total (ms): Min: 4.2, Avg: 7.2, Max: 10.2, Diff: 6.0, Sum: 14.3]
      [GC Worker End (ms): Min: 207452.4, Avg: 207452.4, Max: 207452.5, Diff: 0.0]
   [Code Root Fixup: 0.0 ms]
   [Code Root Purge: 0.0 ms]
   [Clear CT: 0.1 ms]
   [Other: 1.3 ms]
      [Choose CSet: 0.0 ms]
      [Ref Proc: 0.8 ms]
      [Ref Enq: 0.0 ms]
      [Redirty Cards: 0.0 ms]
      [Humongous Register: 0.1 ms]
      [Humongous Reclaim: 0.0 ms]
      [Free CSet: 0.0 ms]
   [Eden: 47.0M(47.0M)->0.0B(47.0M) Survivors: 4096.0K->4096.0K Heap: 181.9M(1024.0M)->135.4M(1024.0M)]
 [Times: user=0.02 sys=0.00, real=0.01 secs] 
2019-03-17T23:19:00.310+0000: 221.963: [GC pause (G1 Evacuation Pause) (young), 0.0242187 secs]
   [Parallel Time: 19.8 ms, GC Workers: 2]
      [GC Worker Start (ms): Min: 221963.4, Avg: 221963.8, Max: 221964.3, Diff: 0.8]
      [Ext Root Scanning (ms): Min: 1.4, Avg: 3.8, Max: 6.2, Diff: 4.8, Sum: 7.6]
      [Update RS (ms): Min: 0.0, Avg: 0.7, Max: 1.5, Diff: 1.5, Sum: 1.5]
         [Processed Buffers: Min: 0, Avg: 15.0, Max: 30, Diff: 30, Sum: 30]
      [Scan RS (ms): Min: 0.0, Avg: 0.3, Max: 0.6, Diff: 0.6, Sum: 0.7]
      [Code Root Scanning (ms): Min: 0.8, Avg: 5.2, Max: 9.6, Diff: 8.7, Sum: 10.4]
      [Object Copy (ms): Min: 0.3, Avg: 2.9, Max: 5.4, Diff: 5.0, Sum: 5.7]
      [Termination (ms): Min: 0.0, Avg: 3.3, Max: 6.7, Diff: 6.7, Sum: 6.7]
         [Termination Attempts: Min: 1, Avg: 1.0, Max: 1, Diff: 0, Sum: 2]
      [GC Worker Other (ms): Min: 0.0, Avg: 0.0, Max: 0.0, Diff: 0.0, Sum: 0.0]
      [GC Worker Total (ms): Min: 12.9, Avg: 16.3, Max: 19.7, Diff: 6.8, Sum: 32.6]
      [GC Worker End (ms): Min: 221977.1, Avg: 221980.1, Max: 221983.1, Diff: 6.0]
   [Code Root Fixup: 0.0 ms]
   [Code Root Purge: 0.0 ms]
   [Clear CT: 0.1 ms]
   [Other: 4.3 ms]
      [Choose CSet: 0.0 ms]
      [Ref Proc: 3.6 ms]
      [Ref Enq: 0.0 ms]
      [Redirty Cards: 0.0 ms]
      [Humongous Register: 0.1 ms]
      [Humongous Reclaim: 0.1 ms]
      [Free CSet: 0.1 ms]
   [Eden: 47.0M(47.0M)->0.0B(45.0M) Survivors: 4096.0K->6144.0K Heap: 193.4M(1024.0M)->138.4M(1024.0M)]
 [Times: user=0.02 sys=0.00, real=0.02 secs] 
2019-03-17T23:19:15.302+0000: 236.955: [GC pause (G1 Evacuation Pause) (young), 0.0374598 secs]
   [Parallel Time: 35.8 ms, GC Workers: 2]
      [GC Worker Start (ms): Min: 236955.6, Avg: 236958.4, Max: 236961.1, Diff: 5.5]
      [Ext Root Scanning (ms): Min: 0.0, Avg: 1.1, Max: 2.3, Diff: 2.3, Sum: 2.3]
      [Update RS (ms): Min: 0.3, Avg: 5.6, Max: 10.9, Diff: 10.6, Sum: 11.2]
         [Processed Buffers: Min: 8, Avg: 29.5, Max: 51, Diff: 43, Sum: 59]
      [Scan RS (ms): Min: 0.0, Avg: 0.4, Max: 0.8, Diff: 0.8, Sum: 0.8]
      [Code Root Scanning (ms): Min: 0.0, Avg: 0.5, Max: 1.1, Diff: 1.1, Sum: 1.1]
      [Object Copy (ms): Min: 4.6, Avg: 9.2, Max: 13.7, Diff: 9.1, Sum: 18.4]
      [Termination (ms): Min: 0.0, Avg: 9.0, Max: 17.9, Diff: 17.9, Sum: 17.9]
         [Termination Attempts: Min: 1, Avg: 1.0, Max: 1, Diff: 0, Sum: 2]
      [GC Worker Other (ms): Min: 0.0, Avg: 0.0, Max: 0.0, Diff: 0.0, Sum: 0.0]
      [GC Worker Total (ms): Min: 15.9, Avg: 25.8, Max: 35.7, Diff: 19.9, Sum: 51.6]
      [GC Worker End (ms): Min: 236977.0, Avg: 236984.2, Max: 236991.3, Diff: 14.4]
   [Code Root Fixup: 0.1 ms]
   [Code Root Purge: 0.0 ms]
   [Clear CT: 0.1 ms]
   [Other: 1.5 ms]
      [Choose CSet: 0.0 ms]
      [Ref Proc: 0.8 ms]
      [Ref Enq: 0.0 ms]
      [Redirty Cards: 0.1 ms]
      [Humongous Register: 0.1 ms]
      [Humongous Reclaim: 0.1 ms]
      [Free CSet: 0.1 ms]
   [Eden: 45.0M(45.0M)->0.0B(48.0M) Survivors: 6144.0K->3072.0K Heap: 197.2M(1024.0M)->135.9M(1024.0M)]
 [Times: user=0.02 sys=0.00, real=0.04 secs] 
2019-03-17T23:19:31.751+0000: 253.404: [GC pause (G1 Evacuation Pause) (young), 0.0067440 secs]
   [Parallel Time: 5.1 ms, GC Workers: 2]
      [GC Worker Start (ms): Min: 253404.1, Avg: 253404.1, Max: 253404.1, Diff: 0.0]
      [Ext Root Scanning (ms): Min: 1.0, Avg: 1.0, Max: 1.1, Diff: 0.1, Sum: 2.0]
      [Update RS (ms): Min: 1.3, Avg: 1.4, Max: 1.4, Diff: 0.0, Sum: 2.7]
         [Processed Buffers: Min: 25, Avg: 26.5, Max: 28, Diff: 3, Sum: 53]
      [Scan RS (ms): Min: 0.3, Avg: 0.4, Max: 0.5, Diff: 0.2, Sum: 0.9]
      [Code Root Scanning (ms): Min: 0.0, Avg: 0.3, Max: 0.6, Diff: 0.6, Sum: 0.6]
      [Object Copy (ms): Min: 1.6, Avg: 1.9, Max: 2.2, Diff: 0.5, Sum: 3.8]
      [Termination (ms): Min: 0.0, Avg: 0.0, Max: 0.0, Diff: 0.0, Sum: 0.0]
         [Termination Attempts: Min: 1, Avg: 1.0, Max: 1, Diff: 0, Sum: 2]
      [GC Worker Other (ms): Min: 0.0, Avg: 0.0, Max: 0.0, Diff: 0.0, Sum: 0.0]
      [GC Worker Total (ms): Min: 5.0, Avg: 5.0, Max: 5.0, Diff: 0.0, Sum: 10.0]
      [GC Worker End (ms): Min: 253409.1, Avg: 253409.1, Max: 253409.1, Diff: 0.0]
   [Code Root Fixup: 0.0 ms]
   [Code Root Purge: 0.0 ms]
   [Clear CT: 0.1 ms]
   [Other: 1.5 ms]
      [Choose CSet: 0.0 ms]
      [Ref Proc: 0.8 ms]
      [Ref Enq: 0.0 ms]
      [Redirty Cards: 0.0 ms]
      [Humongous Register: 0.1 ms]
      [Humongous Reclaim: 0.1 ms]
      [Free CSet: 0.1 ms]
   [Eden: 48.0M(48.0M)->0.0B(48.0M) Survivors: 3072.0K->3072.0K Heap: 198.2M(1024.0M)->135.4M(1024.0M)]
 [Times: user=0.01 sys=0.00, real=0.01 secs] 
2019-03-17T23:19:54.755+0000: 276.408: [GC pause (G1 Evacuation Pause) (young), 0.0054421 secs]
   [Parallel Time: 4.7 ms, GC Workers: 2]
      [GC Worker Start (ms): Min: 276408.7, Avg: 276408.7, Max: 276408.7, Diff: 0.0]
      [Ext Root Scanning (ms): Min: 1.0, Avg: 1.0, Max: 1.1, Diff: 0.1, Sum: 2.1]
      [Update RS (ms): Min: 0.8, Avg: 0.8, Max: 0.8, Diff: 0.0, Sum: 1.5]
         [Processed Buffers: Min: 13, Avg: 19.5, Max: 26, Diff: 13, Sum: 39]
      [Scan RS (ms): Min: 0.3, Avg: 0.3, Max: 0.4, Diff: 0.0, Sum: 0.7]
      [Code Root Scanning (ms): Min: 0.0, Avg: 0.4, Max: 0.7, Diff: 0.7, Sum: 0.7]
      [Object Copy (ms): Min: 1.8, Avg: 2.2, Max: 2.6, Diff: 0.8, Sum: 4.3]
      [Termination (ms): Min: 0.0, Avg: 0.0, Max: 0.0, Diff: 0.0, Sum: 0.0]
         [Termination Attempts: Min: 1, Avg: 1.0, Max: 1, Diff: 0, Sum: 2]
      [GC Worker Other (ms): Min: 0.0, Avg: 0.0, Max: 0.0, Diff: 0.0, Sum: 0.0]
      [GC Worker Total (ms): Min: 4.7, Avg: 4.7, Max: 4.7, Diff: 0.0, Sum: 9.4]
      [GC Worker End (ms): Min: 276413.4, Avg: 276413.4, Max: 276413.4, Diff: 0.0]
   [Code Root Fixup: 0.0 ms]
   [Code Root Purge: 0.0 ms]
   [Clear CT: 0.0 ms]
   [Other: 0.6 ms]
      [Choose CSet: 0.0 ms]
      [Ref Proc: 0.1 ms]
      [Ref Enq: 0.0 ms]
      [Redirty Cards: 0.0 ms]
      [Humongous Register: 0.1 ms]
      [Humongous Reclaim: 0.1 ms]
      [Free CSet: 0.0 ms]
   [Eden: 48.0M(48.0M)->0.0B(49.0M) Survivors: 3072.0K->2048.0K Heap: 193.3M(1024.0M)->134.9M(1024.0M)]
 [Times: user=0.01 sys=0.00, real=0.01 secs] 
2019-03-17T23:20:36.787+0000: 318.441: [GC pause (G1 Evacuation Pause) (young), 0.0057089 secs]
   [Parallel Time: 5.0 ms, GC Workers: 2]
      [GC Worker Start (ms): Min: 318440.8, Avg: 318440.8, Max: 318440.8, Diff: 0.0]
      [Ext Root Scanning (ms): Min: 1.1, Avg: 1.1, Max: 1.2, Diff: 0.1, Sum: 2.3]
      [Update RS (ms): Min: 0.6, Avg: 0.6, Max: 0.7, Diff: 0.1, Sum: 1.3]
         [Processed Buffers: Min: 2, Avg: 6.5, Max: 11, Diff: 9, Sum: 13]
      [Scan RS (ms): Min: 0.0, Avg: 0.0, Max: 0.0, Diff: 0.0, Sum: 0.1]
      [Code Root Scanning (ms): Min: 0.1, Avg: 0.5, Max: 0.9, Diff: 0.8, Sum: 0.9]
      [Object Copy (ms): Min: 2.3, Avg: 2.6, Max: 2.9, Diff: 0.6, Sum: 5.2]
      [Termination (ms): Min: 0.0, Avg: 0.0, Max: 0.0, Diff: 0.0, Sum: 0.0]
         [Termination Attempts: Min: 1, Avg: 1.0, Max: 1, Diff: 0, Sum: 2]
      [GC Worker Other (ms): Min: 0.0, Avg: 0.0, Max: 0.0, Diff: 0.0, Sum: 0.0]
      [GC Worker Total (ms): Min: 4.9, Avg: 4.9, Max: 4.9, Diff: 0.0, Sum: 9.8]
      [GC Worker End (ms): Min: 318445.8, Avg: 318445.8, Max: 318445.8, Diff: 0.0]
   [Code Root Fixup: 0.0 ms]
   [Code Root Purge: 0.0 ms]
   [Clear CT: 0.1 ms]
   [Other: 0.6 ms]
      [Choose CSet: 0.0 ms]
      [Ref Proc: 0.1 ms]
      [Ref Enq: 0.0 ms]
      [Redirty Cards: 0.1 ms]
      [Humongous Register: 0.1 ms]
      [Humongous Reclaim: 0.0 ms]
      [Free CSet: 0.1 ms]
   [Eden: 49.0M(49.0M)->0.0B(81.0M) Survivors: 2048.0K->3072.0K Heap: 183.9M(1024.0M)->135.2M(1024.0M)]
 [Times: user=0.01 sys=0.00, real=0.00 secs] 
2019-03-17T23:21:47.768+0000: 389.421: [GC pause (G1 Evacuation Pause) (young), 0.0059813 secs]
   [Parallel Time: 5.2 ms, GC Workers: 2]
      [GC Worker Start (ms): Min: 389421.1, Avg: 389421.1, Max: 389421.1, Diff: 0.0]
      [Ext Root Scanning (ms): Min: 1.0, Avg: 1.1, Max: 1.2, Diff: 0.1, Sum: 2.2]
      [Update RS (ms): Min: 0.6, Avg: 0.6, Max: 0.7, Diff: 0.1, Sum: 1.3]
         [Processed Buffers: Min: 2, Avg: 6.5, Max: 11, Diff: 9, Sum: 13]
      [Scan RS (ms): Min: 0.0, Avg: 0.0, Max: 0.0, Diff: 0.0, Sum: 0.1]
      [Code Root Scanning (ms): Min: 0.0, Avg: 0.4, Max: 0.9, Diff: 0.9, Sum: 0.9]
      [Object Copy (ms): Min: 2.5, Avg: 2.9, Max: 3.2, Diff: 0.7, Sum: 5.8]
      [Termination (ms): Min: 0.0, Avg: 0.0, Max: 0.0, Diff: 0.0, Sum: 0.0]
         [Termination Attempts: Min: 1, Avg: 1.0, Max: 1, Diff: 0, Sum: 2]
      [GC Worker Other (ms): Min: 0.0, Avg: 0.0, Max: 0.0, Diff: 0.0, Sum: 0.0]
      [GC Worker Total (ms): Min: 5.1, Avg: 5.1, Max: 5.1, Diff: 0.0, Sum: 10.2]
      [GC Worker End (ms): Min: 389426.2, Avg: 389426.2, Max: 389426.2, Diff: 0.0]
   [Code Root Fixup: 0.0 ms]
   [Code Root Purge: 0.0 ms]
   [Clear CT: 0.1 ms]
   [Other: 0.7 ms]
      [Choose CSet: 0.0 ms]
      [Ref Proc: 0.1 ms]
      [Ref Enq: 0.0 ms]
      [Redirty Cards: 0.0 ms]
      [Humongous Register: 0.2 ms]
      [Humongous Reclaim: 0.0 ms]
      [Free CSet: 0.1 ms]
   [Eden: 81.0M(81.0M)->0.0B(285.0M) Survivors: 3072.0K->2048.0K Heap: 216.2M(1024.0M)->134.9M(1024.0M)]
 [Times: user=0.00 sys=0.01, real=0.00 secs] 
2019-03-17T23:25:51.768+0000: 633.421: [GC pause (G1 Evacuation Pause) (young), 0.0068738 secs]
   [Parallel Time: 5.5 ms, GC Workers: 2]
      [GC Worker Start (ms): Min: 633421.4, Avg: 633421.4, Max: 633421.4, Diff: 0.0]
      [Ext Root Scanning (ms): Min: 1.0, Avg: 1.1, Max: 1.2, Diff: 0.1, Sum: 2.2]
      [Update RS (ms): Min: 0.5, Avg: 0.5, Max: 0.6, Diff: 0.1, Sum: 1.1]
         [Processed Buffers: Min: 2, Avg: 7.0, Max: 12, Diff: 10, Sum: 14]
      [Scan RS (ms): Min: 0.2, Avg: 0.2, Max: 0.2, Diff: 0.0, Sum: 0.3]
      [Code Root Scanning (ms): Min: 0.0, Avg: 0.4, Max: 0.7, Diff: 0.7, Sum: 0.7]
      [Object Copy (ms): Min: 2.9, Avg: 3.1, Max: 3.4, Diff: 0.5, Sum: 6.3]
      [Termination (ms): Min: 0.0, Avg: 0.0, Max: 0.0, Diff: 0.0, Sum: 0.0]
         [Termination Attempts: Min: 1, Avg: 1.0, Max: 1, Diff: 0, Sum: 2]
      [GC Worker Other (ms): Min: 0.1, Avg: 0.1, Max: 0.1, Diff: 0.0, Sum: 0.2]
      [GC Worker Total (ms): Min: 5.4, Avg: 5.4, Max: 5.4, Diff: 0.1, Sum: 10.8]
      [GC Worker End (ms): Min: 633426.8, Avg: 633426.8, Max: 633426.8, Diff: 0.0]
   [Code Root Fixup: 0.1 ms]
   [Code Root Purge: 0.0 ms]
   [Clear CT: 0.2 ms]
   [Other: 1.0 ms]
      [Choose CSet: 0.0 ms]
      [Ref Proc: 0.2 ms]
      [Ref Enq: 0.0 ms]
      [Redirty Cards: 0.1 ms]
      [Humongous Register: 0.1 ms]
      [Humongous Reclaim: 0.0 ms]
      [Free CSet: 0.3 ms]
   [Eden: 285.0M(285.0M)->0.0B(611.0M) Survivors: 2048.0K->3072.0K Heap: 419.9M(1024.0M)->135.2M(1024.0M)]
 [Times: user=0.01 sys=0.00, real=0.00 secs] 
2019-03-17T23:34:42.749+0000: 1164.403: [GC pause (G1 Evacuation Pause) (young), 0.0080808 secs]
   [Parallel Time: 5.9 ms, GC Workers: 2]
      [GC Worker Start (ms): Min: 1164403.0, Avg: 1164403.0, Max: 1164403.0, Diff: 0.0]
      [Ext Root Scanning (ms): Min: 1.2, Avg: 1.2, Max: 1.3, Diff: 0.1, Sum: 2.4]
      [Update RS (ms): Min: 0.5, Avg: 0.6, Max: 0.7, Diff: 0.2, Sum: 1.2]
         [Processed Buffers: Min: 2, Avg: 6.5, Max: 11, Diff: 9, Sum: 13]
      [Scan RS (ms): Min: 0.3, Avg: 0.3, Max: 0.3, Diff: 0.0, Sum: 0.6]
      [Code Root Scanning (ms): Min: 0.0, Avg: 0.4, Max: 0.9, Diff: 0.8, Sum: 0.9]
      [Object Copy (ms): Min: 2.9, Avg: 3.2, Max: 3.5, Diff: 0.6, Sum: 6.5]
      [Termination (ms): Min: 0.0, Avg: 0.0, Max: 0.0, Diff: 0.0, Sum: 0.0]
         [Termination Attempts: Min: 1, Avg: 1.0, Max: 1, Diff: 0, Sum: 2]
      [GC Worker Other (ms): Min: 0.0, Avg: 0.0, Max: 0.0, Diff: 0.0, Sum: 0.1]
      [GC Worker Total (ms): Min: 5.9, Avg: 5.9, Max: 5.9, Diff: 0.0, Sum: 11.7]
      [GC Worker End (ms): Min: 1164408.8, Avg: 1164408.8, Max: 1164408.8, Diff: 0.0]
   [Code Root Fixup: 0.0 ms]
   [Code Root Purge: 0.0 ms]
   [Clear CT: 0.4 ms]
   [Other: 1.7 ms]
      [Choose CSet: 0.0 ms]
      [Ref Proc: 0.9 ms]
      [Ref Enq: 0.0 ms]
      [Redirty Cards: 0.0 ms]
      [Humongous Register: 0.1 ms]
      [Humongous Reclaim: 0.0 ms]
      [Free CSet: 0.4 ms]
   [Eden: 611.0M(611.0M)->0.0B(611.0M) Survivors: 3072.0K->3072.0K Heap: 746.2M(1024.0M)->135.4M(1024.0M)]
 [Times: user=0.01 sys=0.00, real=0.01 secs] 
2019-03-17T23:43:31.780+0000: 1693.433: [GC pause (G1 Evacuation Pause) (young), 0.0095213 secs]
   [Parallel Time: 8.1 ms, GC Workers: 2]
      [GC Worker Start (ms): Min: 1693433.7, Avg: 1693436.1, Max: 1693438.6, Diff: 4.9]
      [Ext Root Scanning (ms): Min: 0.0, Avg: 0.9, Max: 1.8, Diff: 1.8, Sum: 1.9]
      [Update RS (ms): Min: 0.0, Avg: 0.5, Max: 0.9, Diff: 0.9, Sum: 0.9]
         [Processed Buffers: Min: 0, Avg: 8.0, Max: 16, Diff: 16, Sum: 16]
      [Scan RS (ms): Min: 0.0, Avg: 0.3, Max: 0.5, Diff: 0.5, Sum: 0.6]
      [Code Root Scanning (ms): Min: 0.0, Avg: 0.4, Max: 0.8, Diff: 0.8, Sum: 0.8]
      [Object Copy (ms): Min: 3.0, Avg: 3.5, Max: 3.9, Diff: 0.9, Sum: 6.9]
      [Termination (ms): Min: 0.0, Avg: 0.0, Max: 0.0, Diff: 0.0, Sum: 0.0]
         [Termination Attempts: Min: 1, Avg: 1.0, Max: 1, Diff: 0, Sum: 2]
      [GC Worker Other (ms): Min: 0.0, Avg: 0.0, Max: 0.0, Diff: 0.0, Sum: 0.1]
      [GC Worker Total (ms): Min: 3.1, Avg: 5.6, Max: 8.0, Diff: 4.9, Sum: 11.1]
      [GC Worker End (ms): Min: 1693441.7, Avg: 1693441.7, Max: 1693441.7, Diff: 0.0]
   [Code Root Fixup: 0.0 ms]
   [Code Root Purge: 0.0 ms]
   [Clear CT: 0.4 ms]
   [Other: 1.0 ms]
      [Choose CSet: 0.0 ms]
      [Ref Proc: 0.1 ms]
      [Ref Enq: 0.0 ms]
      [Redirty Cards: 0.1 ms]
      [Humongous Register: 0.1 ms]
      [Humongous Reclaim: 0.0 ms]
      [Free CSet: 0.4 ms]
   [Eden: 611.0M(611.0M)->0.0B(611.0M) Survivors: 3072.0K->3072.0K Heap: 746.4M(1024.0M)->135.3M(1024.0M)]
 [Times: user=0.01 sys=0.00, real=0.01 secs] 
2019-03-17T23:50:54.780+0000: 2136.433: [GC pause (G1 Evacuation Pause) (young), 0.0077585 secs]
   [Parallel Time: 6.3 ms, GC Workers: 2]
      [GC Worker Start (ms): Min: 2136433.2, Avg: 2136433.2, Max: 2136433.3, Diff: 0.0]
      [Ext Root Scanning (ms): Min: 1.0, Avg: 1.1, Max: 1.2, Diff: 0.2, Sum: 2.2]
      [Update RS (ms): Min: 0.9, Avg: 0.9, Max: 0.9, Diff: 0.0, Sum: 1.9]
         [Processed Buffers: Min: 23, Avg: 23.0, Max: 23, Diff: 0, Sum: 46]
      [Scan RS (ms): Min: 0.5, Avg: 0.6, Max: 0.6, Diff: 0.0, Sum: 1.1]
      [Code Root Scanning (ms): Min: 0.0, Avg: 0.5, Max: 0.9, Diff: 0.9, Sum: 1.0]
      [Object Copy (ms): Min: 2.7, Avg: 3.2, Max: 3.7, Diff: 1.0, Sum: 6.4]
      [Termination (ms): Min: 0.0, Avg: 0.0, Max: 0.0, Diff: 0.0, Sum: 0.0]
         [Termination Attempts: Min: 1, Avg: 1.0, Max: 1, Diff: 0, Sum: 2]
      [GC Worker Other (ms): Min: 0.0, Avg: 0.0, Max: 0.0, Diff: 0.0, Sum: 0.0]
      [GC Worker Total (ms): Min: 6.3, Avg: 6.3, Max: 6.3, Diff: 0.0, Sum: 12.5]
      [GC Worker End (ms): Min: 2136439.5, Avg: 2136439.5, Max: 2136439.5, Diff: 0.0]
   [Code Root Fixup: 0.0 ms]
   [Code Root Purge: 0.0 ms]
   [Clear CT: 0.4 ms]
   [Other: 1.0 ms]
      [Choose CSet: 0.0 ms]
      [Ref Proc: 0.1 ms]
      [Ref Enq: 0.0 ms]
      [Redirty Cards: 0.0 ms]
      [Humongous Register: 0.2 ms]
      [Humongous Reclaim: 0.1 ms]
      [Free CSet: 0.4 ms]
   [Eden: 611.0M(611.0M)->0.0B(612.0M) Survivors: 3072.0K->2048.0K Heap: 792.9M(1024.0M)->134.8M(1024.0M)]
 [Times: user=0.02 sys=0.00, real=0.01 secs] 
2019-03-17T23:59:43.795+0000: 2665.448: [GC pause (G1 Evacuation Pause) (young), 0.0066456 secs]
   [Parallel Time: 5.4 ms, GC Workers: 2]
      [GC Worker Start (ms): Min: 2665448.5, Avg: 2665448.5, Max: 2665448.5, Diff: 0.0]
      [Ext Root Scanning (ms): Min: 1.0, Avg: 1.0, Max: 1.1, Diff: 0.1, Sum: 2.1]
      [Update RS (ms): Min: 1.0, Avg: 1.1, Max: 1.2, Diff: 0.1, Sum: 2.2]
         [Processed Buffers: Min: 3, Avg: 7.5, Max: 12, Diff: 9, Sum: 15]
      [Scan RS (ms): Min: 0.2, Avg: 0.2, Max: 0.3, Diff: 0.1, Sum: 0.5]
      [Code Root Scanning (ms): Min: 0.0, Avg: 0.4, Max: 0.7, Diff: 0.7, Sum: 0.8]
      [Object Copy (ms): Min: 2.2, Avg: 2.5, Max: 2.8, Diff: 0.6, Sum: 5.0]
      [Termination (ms): Min: 0.0, Avg: 0.0, Max: 0.0, Diff: 0.0, Sum: 0.0]
         [Termination Attempts: Min: 1, Avg: 1.0, Max: 1, Diff: 0, Sum: 2]
      [GC Worker Other (ms): Min: 0.0, Avg: 0.0, Max: 0.0, Diff: 0.0, Sum: 0.0]
      [GC Worker Total (ms): Min: 5.3, Avg: 5.3, Max: 5.3, Diff: 0.0, Sum: 10.5]
      [GC Worker End (ms): Min: 2665453.8, Avg: 2665453.8, Max: 2665453.8, Diff: 0.0]
   [Code Root Fixup: 0.0 ms]
   [Code Root Purge: 0.0 ms]
   [Clear CT: 0.4 ms]
   [Other: 0.9 ms]
      [Choose CSet: 0.0 ms]
      [Ref Proc: 0.2 ms]
      [Ref Enq: 0.0 ms]
      [Redirty Cards: 0.1 ms]
      [Humongous Register: 0.1 ms]
      [Humongous Reclaim: 0.0 ms]
      [Free CSet: 0.3 ms]
   [Eden: 612.0M(612.0M)->0.0B(612.0M) Survivors: 2048.0K->2048.0K Heap: 746.8M(1024.0M)->135.1M(1024.0M)]
 [Times: user=0.01 sys=0.00, real=0.01 secs] 
Heap
 garbage-first heap   total 1048576K, used 468041K [0x00000000c0000000, 0x00000000c0102000, 0x0000000100000000)
  region size 1024K, 325 young (332800K), 2 survivors (2048K)
 Metaspace       used 23924K, capacity 24134K, committed 24444K, reserved 1069056K
  class space    used 3749K, capacity 3843K, committed 3964K, reserved 1048576K
